# Execution Summary

## Objective
The objective of this job was to set up the initial scaffolding for the Prediction Market Fund project, based on the provided blueprint.

## Context Gathered
I analyzed the blueprint's assertions and identified key architectural themes: core trading logic, visualization, learning, operations, and code quality. I surveyed the empty directory and planned a modular structure to satisfy the `ARCH-001` assertion.

## Execution Status
COMPLETED: I have successfully created the initial project structure, implemented core components, and added tests and documentation. The project is in a runnable state, and the foundation is laid for future development.

## Actions Taken
1.  Created a modular directory structure under `src/`.
2.  Defined core data types in `src/core/types.py` using Pydantic.
3.  Implemented a `MemoGenerator` in `src/reporting/memos.py` to satisfy `EXP-001`.
4.  Implemented a `RiskManager` in `src/portfolio/risk_manager.py` to satisfy `RISK-001`.
5.  Implemented a `PortfolioManager` in `src/portfolio/portfolio_manager.py`.
6.  Created a data source abstraction in `src/data/sources.py` for `DATA-001`.
7.  Created a simulation engine in `src/engine/simulation.py` to orchestrate the components.
8.  Created a `main.py` entry point to run the simulation.
9.  Debugged and fixed two errors related to Pydantic usage.
10. Added unit tests for `RiskManager` and `PortfolioManager` to satisfy `TEST-001`.
11. Added initial documentation to satisfy `MAINT-001`.
12. Created a `requirements.txt` file for project dependencies.

## Deliverables
- Project structure with all the necessary files and directories.
- A runnable `main.py` that executes a simulation step.
- Unit tests for core components.
- Initial documentation files.
- `requirements.txt` for dependency management.
